Microsoft Windows [Version 10.0.22000.434]                                                                                                                              (c) Microsoft Corporation. All rights reserved.                                                                                                                                                                                                                                                                                                 C:\Users\yevaw>C:\Users\yevaw\hacktiv8\ftds\learning_journal                                                                                                            'C:\Users\yevaw\hacktiv8\ftds\learning_journal' is not recognized as an internal or external command,                                                                   operable program or batch file.                                                                                                                                                                                                                                                                                                                 C:\Users\yevaw>git                                                                                                                                                      usage: git [--version] [--help] [-C <path>] [-c <name>=<value>]                                                                                                                    [--exec-path[=<path>]] [--html-path] [--man-path] [--info-path]                                                                                                         [-p | --paginate | -P | --no-pager] [--no-replace-objects] [--bare]                                                                                                     [--git-dir=<path>] [--work-tree=<path>] [--namespace=<name>]                                                                                                            [--super-prefix=<path>] [--config-env=<name>=<envvar>]                                                                                                                  <command> [<args>]                                                                                                                                                                                                                                                                                                                   These are common Git commands used in various situations:                                                                                                                                                                                                                                                                                       start a working area (see also: git help tutorial)                                                                                                                         clone     Clone a repository into a new directory                                                                                                                       init      Create an empty Git repository or reinitialize an existing one                                                                                                                                                                                                                                                                     work on the current change (see also: git help everyday)                                                                                                                   add       Add file contents to the index                                                                                                                                mv        Move or rename a file, a directory, or a symlink                                                                                                              restore   Restore working tree files                                                                                                                                    rm        Remove files from the working tree and from the index                                                                                                                                                                                                                                                                              examine the history and state (see also: git help revisions)                                                                                                               bisect    Use binary search to find the commit that introduced a bug                                                                                                    diff      Show changes between commits, commit and working tree, etc                                                                                                    grep      Print lines matching a pattern                                                                                                                                log       Show commit logs                                                                                                                                              show      Show various types of objects                                                                                                                                 status    Show the working tree status                                                                                                                                                                                                                                                                                                       grow, mark and tweak your common history                                                                                                                                   branch    List, create, or delete branches                                                                                                                              commit    Record changes to the repository                                                                                                                              merge     Join two or more development histories together                                                                                                               rebase    Reapply commits on top of another base tip                                                                                                                    reset     Reset current HEAD to the specified state                                                                                                                     switch    Switch branches                                                                                                                                               tag       Create, list, delete or verify a tag object signed with GPG                                                                                                                                                                                                                                                                        collaborate (see also: git help workflows)                                                                                                                                 fetch     Download objects and refs from another repository                                                                                                             pull      Fetch from and integrate with another repository or a local branch                                                                                            push      Update remote refs along with associated objects                                                                                                                                                                                                                                                                                   'git help -a' and 'git help -g' list available subcommands and some                                                                                                     concept guides. See 'git help <command>' or 'git help <concept>'                                                                                                        to read about a specific subcommand or concept.                                                                                                                         See 'git help git' for an overview of the system.                                                                                                                                                                                                                                                                                               C:\Users\yevaw>                                                                                                                                                         C:\Users\yevaw>git status                                                                                                                                               fatal: not a git repository (or any of the parent directories): .git                                                                                                                                                                                                                                                                            C:\Users\yevaw>C:\Users\yevaw\hacktiv8\ftds\learning_journal                                                                                                            'C:\Users\yevaw\hacktiv8\ftds\learning_journal' is not recognized as an internal or external command,                                                                   operable program or batch file.                                                                                                                                                                                                                                                                                                                 C:\Users\yevaw>cd C:\Users\yevaw\hacktiv8\ftds\learning_journal                                                                                                                                                                                                                                                                                 C:\Users\yevaw\hacktiv8\ftds\learning_journal>git status                                                                                                                On branch main                                                                                                                                                          Your branch is up to date with 'origin/main'.                                                                                                                                                                                                                                                                                                   Changes to be committed:                                                                                                                                                  (use "git restore --staged <file>..." to unstage)                                                                                                                             deleted:    phase0/week1/trial.py                                                                                                                                                                                                                                                                                                                                                                                                                                                                               C:\Users\yevaw\hacktiv8\ftds\learning_journal>git restore --staged phase0/week1/trial.py                                                                                                                                                                                                                                                        C:\Users\yevaw\hacktiv8\ftds\learning_journal>git status                                                                                                                On branch main                                                                                                                                                          Your branch is up to date with 'origin/main'.                                                                                                                                                                                                                                                                                                   Changes not staged for commit:                                                                                                                                            (use "git add/rm <file>..." to update what will be committed)                                                                                                           (use "git restore <file>..." to discard changes in working directory)                                                                                                         deleted:    phase0/week1/trial.py                                                                                                                                                                                                                                                                                                       no changes added to commit (use "git add" and/or "git commit -a")                                                                                                                                                                                                                                                                               C:\Users\yevaw\hacktiv8\ftds\learning_journal>git restore phase0/week1/trial.py                                                                                                                                                                                                                                                                 C:\Users\yevaw\hacktiv8\ftds\learning_journal>git branch                                                                                                                * main                                                                                                                                                                                                                                                                                                                                          C:\Users\yevaw\hacktiv8\ftds\learning_journal>git branch pinjaman                                                                                                                                                                                                                                                                               C:\Users\yevaw\hacktiv8\ftds\learning_journal>git branch                                                                                                                * main                                                                                                                                                                    pinjaman                                                                                                                                                                                                                                                                                                                                      C:\Users\yevaw\hacktiv8\ftds\learning_journal>git checkout pinjaman                                                                                                     Switched to branch 'pinjaman'                                                                                                                                                                                                                                                                                                                   C:\Users\yevaw\hacktiv8\ftds\learning_journal>git branch                                                                                                                  main                                                                                                                                                                  * pinjaman                                                                                                                                                                                                                                                                                                                                      C:\Users\yevaw\hacktiv8\ftds\learning_journal>git status                                                                                                                On branch pinjaman                                                                                                                                                      Changes not staged for commit:                                                                                                                                            (use "git add <file>..." to update what will be committed)                                                                                                              (use "git restore <file>..." to discard changes in working directory)                                                                                                         modified:   phase0/week1/trial.py                                                                                                                                                                                                                                                                                                       no changes added to commit (use "git add" and/or "git commit -a")                                                                                                                                                                                                                                                                               C:\Users\yevaw\hacktiv8\ftds\learning_journal>git add                                                                                                                   Nothing specified, nothing added.                                                                                                                                       hint: Maybe you wanted to say 'git add .'?                                                                                                                              hint: Turn this message off by running                                                                                                                                  hint: "git config advice.addEmptyPathspec false"                                                                                                                                                                                                                                                                                                C:\Users\yevaw\hacktiv8\ftds\learning_journal>git add .                                                                                                                                                                                                                                                                                         C:\Users\yevaw\hacktiv8\ftds\learning_journal>git commit -m "commit to branch pinjaman"                                                                                 [pinjaman 6bcd210] commit to branch pinjaman                                                                                                                             1 file changed, 1 insertion(+)                                                                                                                                                                                                                                                                                                                 C:\Users\yevaw\hacktiv8\ftds\learning_journal>git push origin pinjaman                                                                                                  Enumerating objects: 9, done.                                                                                                                                           Counting objects: 100% (9/9), done.                                                                                                                                     Delta compression using up to 8 threads                                                                                                                                 Compressing objects: 100% (3/3), done.                                                                                                                                  Writing objects: 100% (5/5), 408 bytes | 408.00 KiB/s, done.                                                                                                            Total 5 (delta 1), reused 0 (delta 0), pack-reused 0                                                                                                                    remote: Resolving deltas: 100% (1/1), completed with 1 local object.                                                                                                    remote:                                                                                                                                                                 remote: Create a pull request for 'pinjaman' on GitHub by visiting:                                                                                                     remote:      https://github.com/YevaW/Learning-Journal/pull/new/pinjaman                                                                                                remote:                                                                                                                                                                 To https://github.com/YevaW/Learning-Journal.git                                                                                                                         * [new branch]      pinjaman -> pinjaman                                                                                                                                                                                                                                                                                                       C:\Users\yevaw\hacktiv8\ftds\learning_journal>cd C:\Users\yevaw\hacktiv8\ftds                                                                                                                                                                                                                                                                   C:\Users\yevaw\hacktiv8\ftds>git clone git@github.com:afifai/belajar-git.git                                                                                            Cloning into 'belajar-git'...                                                                                                                                           The authenticity of host 'github.com (20.205.243.166)' can't be established.                                                                                            ED25519 key fingerprint is SHA256:+DiY3wvvV6TuJJhbpZisF/zLDA0zPMSvHdkr4UvCOqU.                                                                                          This key is not known by any other names                                                                                                                                Are you sure you want to continue connecting (yes/no/[fingerprint])? yes                                                                                                Warning: Permanently added 'github.com' (ED25519) to the list of known hosts.                                                                                           remote: Enumerating objects: 24, done.                                                                                                                                  remote: Counting objects: 100% (2/2), done.                                                                                                                             remote: Compressing objects: 100% (2/2), done.                                                                                                                          remote: Total 24 (delta 0), reused 0 (delta 0), pack-reused 22                                                                                                          Receiving objects: 100% (24/24), done.                                                                                                                                  Resolving deltas: 100% (8/8), done.                                                                                                                                                                                                                                                                                                             C:\Users\yevaw\hacktiv8\ftds> 